// Jest Snapshot v1, https://goo.gl/fbAQLP

exports[`H1 component renders with proper styling 1`] = `
.c0 {
  font-size: 20px;
  font-weight: 500;
  color: #06a7ed;
}

<h1
  className="c0"
/>
`;
